// Jest Snapshot v1, https://goo.gl/fbAQLP

exports[`<Player /> should render the logo image 1`] = `
.c0 {
  background: var(--purple-500);
}

.c1 {
  padding: 4.5rem 5.5rem;
  width: 30rem;
  height: 82vh;
  background: var(--purple-500);
  color: var(--white);
  display: -webkit-box;
  display: -webkit-flex;
  display: -ms-flexbox;
  display: flex;
  -webkit-flex-direction: column;
  -ms-flex-direction: column;
  flex-direction: column;
  -webkit-align-items: center;
  -webkit-box-align: center;
  -ms-flex-align: center;
  align-items: center;
  -webkit-box-pack: justify;
  -webkit-justify-content: space-between;
  -ms-flex-pack: justify;
  justify-content: space-between;
}

.c2 {
  display: -webkit-box;
  display: -webkit-flex;
  display: -ms-flexbox;
  display: flex;
  -webkit-align-items: center;
  -webkit-box-align: center;
  -ms-flex-align: center;
  align-items: center;
  gap: 1.2rem;
}

.c3 {
  font-family: Lexend,sans-serif;
  font-weight: 600;
}

.c4 {
  height: 20rem;
  width: 100%;
  border: 1.5px dashed var(--purple-300);
  border-radius: 2.4rem;
  background: linear-gradient( 143.8deg,rgba(145,100,250,0.8) 0%,rgba(0,0,0,0) 100% );
  padding: 6.4rem;
  text-align: center;
  display: -webkit-box;
  display: -webkit-flex;
  display: -ms-flexbox;
  display: flex;
  -webkit-align-items: center;
  -webkit-box-align: center;
  -ms-flex-align: center;
  align-items: center;
  -webkit-box-pack: center;
  -webkit-justify-content: center;
  -ms-flex-pack: center;
  justify-content: center;
}

.c5 {
  -webkit-align-self: stretch;
  -ms-flex-item-align: stretch;
  align-self: stretch;
}

.c5.empty {
  opacity: 0.5;
}

.c6 {
  display: -webkit-box;
  display: -webkit-flex;
  display: -ms-flexbox;
  display: flex;
  -webkit-align-items: center;
  -webkit-box-align: center;
  -ms-flex-align: center;
  align-items: center;
  gap: 0.6rem;
  font-size: 0.875rem;
}

.c7 {
  display: inline-block;
  width: 4rem;
  text-align: center;
}

.c8 {
  width: 100%;
  height: 4px;
  background: var(--purple-300);
  border-radius: 4px;
  -webkit-flex: 1;
  -ms-flex: 1;
  flex: 1;
}

.c9 {
  width: 100%;
  height: 4px;
  background: var(--purple-300);
  border-radius: 4px;
}

.c10 {
  display: -webkit-box;
  display: -webkit-flex;
  display: -ms-flexbox;
  display: flex;
  -webkit-align-items: center;
  -webkit-box-align: center;
  -ms-flex-align: center;
  align-items: center;
  -webkit-box-pack: center;
  -webkit-justify-content: center;
  -ms-flex-pack: center;
  justify-content: center;
  margin-top: 3rem;
  gap: 3rem;
}

.c11 {
  background: transparent;
  border: 0;
  font-size: 0;
}

.c12 {
  background: transparent;
  border: 0;
  font-size: 0;
  width: 4rem;
  height: 4rem;
  border-radius: 1rem;
  background: var(--purple-400);
}

<div
  class="c0"
>
  <div
    class="c1"
  >
    <header
      class="c2"
    >
      <img
        alt="Tocando agora"
        src="/playing.svg"
      />
      <strong
        class="c3"
      >
        Tocando agora
      </strong>
    </header>
    <div
      class="c4"
    >
      <strong>
        Selecione um podcast para ouvir
      </strong>
    </div>
    <footer
      class="c5"
    >
      <div
        class="c6"
      >
        <span
          class="c7"
        >
          00:00
        </span>
        <div
          class="c8"
        />
        <div
          class="c9"
        />
        <span
          class="c7"
        >
          00:00
        </span>
      </div>
      <div
        class="c10"
      >
        <button
          class="c11"
          type="button"
        >
          <img
            alt="Embaralhar"
            src="/shuffle.svg"
          />
        </button>
        <button
          class="c11"
          type="button"
        >
          <img
            alt="Tocar anterior"
            src="/play-previous.svg"
          />
        </button>
        <button
          class="c12"
          type="button"
        >
          <img
            alt="Tocar"
            src="/play.svg"
          />
        </button>
        <button
          class="c11"
          type="button"
        >
          <img
            alt="Tocar prÃ³xima"
            src="/play-next.svg"
          />
        </button>
        <button
          class="c11"
          type="button"
        >
          <img
            alt="Repetir"
            src="/repeat.svg"
          />
        </button>
      </div>
    </footer>
  </div>
</div>
`;
