// Jest Snapshot v1, https://goo.gl/fbAQLP

exports[`<HomepagePodcast /> should render the heading 1`] = `
.c1 {
  background-color: #06092b;
  color: #fff;
  width: 100%;
  height: 100%;
  padding: 4rem;
  display: -webkit-box;
  display: -webkit-flex;
  display: -ms-flexbox;
  display: flex;
  -webkit-flex-direction: column;
  -ms-flex-direction: column;
  flex-direction: column;
  text-align: center;
  -webkit-align-items: center;
  -webkit-box-align: center;
  -ms-flex-align: center;
  align-items: center;
  -webkit-box-pack: center;
  -webkit-justify-content: center;
  -ms-flex-pack: center;
  justify-content: center;
}

.c2 {
  width: 25rem;
  margin-bottom: 2rem;
}

.c3 {
  font-size: 2.5rem;
}

.c4 {
  font-size: 2rem;
  font-weight: 400;
}

.c5 {
  margin-top: 3rem;
  width: min(30rem,100%);
}

.c0 {
  padding: 0 5rem;
  height: calc(82vh - 6.5rem);
  overflow-y: scroll;
}

.c0 h2 {
  margin-top: 3rem;
  margin-bottom: 1.5rem;
}

<div
  class="c0"
>
  <main
    class="c1"
  >
    <img
      alt="Image de um átomo e React Avançado escrito ao lado."
      class="c2"
      src="/img/logo.svg"
    />
    <h1
      class="c3"
    >
      React Avançado
    </h1>
    <h2
      class="c4"
    >
      Typescript, ReactJS, NextJS e Styled Components
    </h2>
    <img
      alt="Um desenvolvedor de frente para uma tela com código"
      class="c5"
      src="/img/hero-illustration.svg"
    />
  </main>
</div>
`;
